CSensorDataDisplay.h:16:17:void runSensorDataDisplay()	16	static
CGpioPin.h:22:8:constexpr CGpioPin::CConfiguration::CConfiguration()	16	static
CGpioPin.h:123:2:CGpioPin::CGpioPin(GPIO_TypeDef*, uint8_t)	24	static
gthr-default.h:229:1:int __gthread_key_delete(__gthread_key_t)	16	static
CSensorDataDisplay.cpp:21:6:void CSensorDataDisplay::run()	664	static
CSensorDataDisplay.cpp:82:1:void __static_initialization_and_destruction_0(int, int)	16	static
CSensorDataDisplay.cpp:82:1:cpp)	8	static
CSensorDataDisplay.cpp:82:1:cpp)	8	static
